AK000045 961 hg16 knownGene AK000045 chr8 25307452 25318753 6 2550 0 - 16 111593696 chr11 111589904 111593678 + 1 9 0 1 2337 2550 0 54 0
AK000045 954 hg16 knownGene AK000045 chr8 25307452 25318753 6 2550 0 - 19 37470435 chr9 37467597 37470417 + 1 9 0 1 2344 2550 0 342 0
AK000045 950 hg16 knownGene AK000045 chr8 25307452 25318753 6 2550 0 - 14 20180477 chr17 20177615 20180459 + 1 9 0 1 2375 2550 0 261 0
AK000045 978 hg16 knownGene AK000045 chr8 25307452 25318753 6 2550 0 - 16 103425406 chrX 103422857 103425388 + 1 9 0 1 2461 2550 0 0 0
