AF118649 740 hg16 span AF118649 chr10 131409075 131452273 10 -1 0 + 0 0 chr10 131447658 131447754 + -1 1 0 1 71 1234 60 0 96
AF118649 731 hg16 span AF118649 chr10 131409075 131452273 10 -1 0 + 0 0 chr6 3923873 3923977 + -1 1 0 1 76 1234 60 0 0
AF118649 991 hg16 span AF118649 chr10 131409075 131452273 10 -1 0 + 0 0 chr10 131409077 131409178 + -1 0 0 1 100 1234 60 0 101
AF118649 992 hg16 span AF118649 chr10 131409075 131452273 10 -1 0 + 0 0 chr10 131417871 131417983 + -1 1 0 1 111 1234 60 0 112
AF118649 998 hg16 introns AF118649 chr10 131409075 131452273 10 -1 0 + 0 0 chr10 131432645 131452256 + -1 9 8 1 1017 1234 60 0 12170
AF118649 950 hg16 knownGene BC014372 chr10 131409075 131452273 10 1082 0 + 31 3924508 chr6 3923279 3924531 + 1 10 0 1 1129 1234 60 0 0
