M64595 786 hg16 introns none none -1 -1 0 134609727 0   0 0 chr7 6171183 6171253 + -1 0 0 0 55 757 0 0 -1
M64595 776 hg16 introns none none -1 -1 0 134609727 0   0 0 chr2 46744776 46744865 + -1 0 0 0 69 757 0 0 -1
M64595 778 hg16 introns none none -1 -1 0 134609727 0   0 0 chr14 61661720 61661810 + -1 0 0 0 70 757 0 0 -1
M64595 972 hg16 introns none none -1 -1 0 134609727 0   0 0 chr7 43376277 43376347 + -1 0 0 0 68 757 0 0 -1
M64595 728 hg16 introns none none -1 -1 0 134609727 0   0 0 chr3 49364883 49364993 - -1 0 0 0 80 757 0 0 -1
M64595 1000 hg16 introns none none -1 -1 0 134609727 0   0 0 chr22 35880663 35880734 - -1 0 0 0 71 757 0 0 -1
M64595 657 hg16 introns none none -1 -1 0 134609727 0   0 0 chr3 49358938 49359072 - -1 0 0 0 88 757 0 0 -1
M64595 746 hg16 introns none none -1 -1 0 134609727 0   0 0 chr7 6175892 6176010 + -1 0 0 0 88 757 0 0 -1
M64595 649 hg16 introns none none -1 -1 0 134609727 0   0 0 chr1 225832877 225833024 + -1 0 0 0 96 757 0 0 -1
M64595 663 hg16 introns none none -1 -1 0 134609727 0   0 0 chr8 22885395 22885553 + -1 0 0 0 104 757 0 0 -1
M64595 622 hg16 introns none none -1 -1 0 134609727 0   0 0 chr2 46777756 46777933 + -1 0 0 0 110 757 0 0 -1
M64595 617 hg16 introns none none -1 -1 0 134609727 0   0 0 chr7 55687365 55687571 + -1 0 0 0 124 757 0 0 -1
M64595 884 hg16 introns none none -1 -1 0 134609727 0   0 0 chr7 43363721 43363842 + -1 0 0 0 106 757 0 0 -1
M64595 667 hg16 introns none none -1 -1 0 134609727 0   0 0 chr14 61737726 61737918 + -1 0 0 0 126 757 0 0 -1
M64595 542 hg16 introns none none -1 -1 0 134609727 0   0 0 chr11 84434749 84435013 - -1 0 0 0 145 757 0 0 -1
M64595 624 hg16 introns none none -1 -1 0 134609727 0   0 0 chr11 66608689 66609669 + -1 0 1 0 141 757 0 0 -1
M64595 670 hg16 introns none none -1 -1 0 134609727 0   0 0 chrX 69500464 69500687 - -1 0 0 0 148 757 0 0 -1
M64595 645 hg16 introns none none -1 -1 0 134609727 0   0 0 chr7 55686189 55686428 - -1 0 0 0 154 757 0 0 -1
M64595 646 hg16 introns none none -1 -1 0 134609727 0   0 0 chr11 66613253 66614389 + -1 0 1 0 166 757 0 0 -1
M64595 627 hg16 introns none none -1 -1 0 134609727 0   0 0 chr1 21882408 21882830 + -1 0 1 0 181 757 0 0 -1
M64595 675 hg16 introns none none -1 -1 0 134609727 0   0 0 chr12 120617067 120617405 - -1 0 1 0 176 757 0 0 -1
M64595 972 hg16 introns none none -1 -1 0 134609727 0   0 0 chr7 43363721 43376349 + -1 0 1 0 171 757 0 0 -1
M64595 657 hg16 introns none none -1 -1 0 134609727 0   0 0 chr1 225840222 225840578 + -1 0 0 0 206 757 0 0 -1
M64595 651 hg16 introns none none -1 -1 0 134609727 0   0 0 chr1 231246888 231247203 - -1 0 0 0 210 757 0 0 -1
M64595 553 hg16 introns none none -1 -1 0 134609727 0   0 0 chr3 38272398 38272822 - -1 0 0 0 239 757 0 0 -1
M64595 582 hg16 introns none none -1 -1 0 134609727 0   0 0 chr7 53589238 53589669 + -1 0 0 0 260 757 0 0 -1
M64595 600 hg16 introns none none -1 -1 0 134609727 0   0 0 chr20 33705665 33706124 - -1 0 0 0 272 757 0 0 -1
M64595 600 hg16 introns none none -1 -1 0 134609727 0   0 0 chr5 172493641 172494096 - -1 0 0 0 278 757 0 0 -1
M64595 590 hg16 introns none none -1 -1 0 134609727 0   0 0 chr4 40142228 40142703 + -1 0 0 0 283 757 0 0 -1
M64595 606 hg16 introns none none -1 -1 0 134609727 0   0 0 chr6 92521216 92521681 - -1 0 0 0 283 757 0 0 -1
M64595 596 hg16 introns none none -1 -1 0 134609727 0   0 0 chr8 144182733 144183232 + -1 0 0 0 294 757 0 0 -1
M64595 639 hg16 introns none none -1 -1 0 134609727 0   0 0 chr2 131063785 131064273 - -1 0 0 0 298 757 0 0 -1
M64595 618 hg16 introns none none -1 -1 0 134609727 0   0 0 chr4 22479918 22480417 - -1 0 0 0 305 757 0 0 -1
M64595 617 hg16 introns none none -1 -1 0 134609727 0   0 0 chr7 55447749 55448242 - -1 0 0 0 304 757 0 0 -1
M64595 641 hg16 introns none none -1 -1 0 134609727 0   0 0 chr14 48056806 48057294 + -1 0 0 0 299 757 0 0 -1
M64595 655 hg16 introns none none -1 -1 0 134609727 0   0 0 chr20 17574957 17575413 - -1 0 0 0 296 757 0 0 -1
M64595 643 hg16 introns none none -1 -1 0 134609727 0   0 0 chr2 132429397 132429885 + -1 0 0 0 300 757 0 0 -1
M64595 762 hg16 introns none none -1 -1 0 134609727 0   0 0 chr7 6184092 6186433 + -1 0 2 0 281 757 0 0 -1
M64595 640 hg16 introns none none -1 -1 0 134609727 0   0 0 chr13 60177323 60177797 + -1 0 0 0 312 757 0 0 -1
M64595 635 hg16 introns none none -1 -1 0 134609727 0   0 0 chr15 38881376 38882271 - -1 0 1 0 327 757 0 0 -1
M64595 691 hg16 introns none none -1 -1 0 134609727 0   0 0 chr1 112542938 112545100 - -1 0 3 0 315 757 0 0 -1
M64595 657 hg16 introns none none -1 -1 0 134609727 0   0 0 chrX 69439098 69439596 + -1 0 0 0 325 757 0 0 -1
M64595 667 hg16 introns none none -1 -1 0 134609727 0   0 0 chr18 20517727 20518263 - -1 0 0 0 349 757 0 0 -1
M64673 640 hg16 span M64673 chr8 145520083 145543180 11 134609727 0 + 0 0 chr6 15618435 15618664 + -1 1 0 1 137 2136 43 0 -1
M64673 641 hg16 span M64673 chr8 145520083 145543180 11 134609727 0 + 0 0 chr6 122701286 122701549 + -1 1 0 1 157 2136 43 0 -1
M64673 687 hg16 introns M64673 chr8 145520083 145543180 11 134609727 0 + 0 0 chr6 122714092 122714489 + -1 2 1 1 164 2136 43 0 -1
M64673 642 hg16 diagonal M64673 chr8 145520083 145543180 11 134609727 0 + 0 0 chr20 62907500 62907823 + 1 3 0 1 199 2136 43 0 83
M64673 979 hg16 span M64673 chr8 145520083 145543180 11 134609727 0 + 0 0 chr8 145520083 145520368 + -1 1 0 1 281 2136 43 43 -1
M64673 757 hg16 introns M64673 chr8 145520083 145543180 11 134609727 0 + 0 0 chr16 66974972 66976535 + -1 3 3 1 314 2136 43 530 -1
M64673 1000 hg16 introns M64673 chr8 145520083 145543180 11 134609727 0 + 0 0 chr8 145537391 145543160 + -1 12 10 1 1840 2136 43 1248 -1
M64676 611 hg16 span M64676 chr1 110052703 110065395 1 134609727 0 + 0 0 chr17 38893121 38893330 + -1 1 0 2 130 1917 50 0 -1
M64676 550 hg16 introns M64676 chr1 110052703 110065395 1 134609727 0 + 0 0 chr8 73529986 73530344 + -1 1 0 2 178 1917 50 0 -1
M64676 551 hg16 introns M64676 chr1 110052703 110065395 1 134609727 0 + 0 0 chr2 42645775 42646250 - -1 1 0 2 262 1917 50 0 -1
M64676 584 hg16 introns M64676 chr1 110052703 110065395 1 134609727 0 + 0 0 chr13 98320959 98321451 - -1 0 0 2 257 1917 50 3 -1
M64676 600 hg16 span M64676 chr1 110052703 110065395 1 134609727 0 + 0 0 chr8 144959395 144959916 + -1 1 0 2 284 1917 50 25 -1
M64676 636 hg16 span M64676 chr1 110052703 110065395 1 134609727 0 + 0 0 chr16 84050068 84050609 - -1 1 0 2 276 1917 50 0 -1
M64676 598 hg16 introns M64676 chr1 110052703 110065395 1 134609727 0 + 0 0 chr8 73898254 73898810 + -1 1 0 2 307 1917 50 0 -1
M64676 621 hg16 span M64676 chr1 110052703 110065395 1 134609727 0 + 0 0 chr20 48783788 48784377 - -1 0 0 2 328 1917 50 0 -1
M64676 623 hg16 knownGene M64676 chr1 110052703 110065395 1 1906 0 + 4 63678181 chrX 63676358 63678169 + 1 2 0 2 328 1917 50 482 0
M64676 620 hg16 span M64676 chr1 110052703 110065395 1 1906 0 + 4 63678181 chr2 42694622 42695137 - -1 1 0 2 323 1917 50 0 -1
M64676 663 hg16 span M64676 chr1 110052703 110065395 1 1906 0 + 4 63678181 chr18 75722699 75723231 + -1 1 0 2 347 1917 50 101 -1
M64676 670 hg16 introns M64676 chr1 110052703 110065395 1 1906 0 + 4 63678181 chr8 110941128 110943079 - -1 1 1 2 355 1917 50 686 -1
M64676 641 hg16 span M64676 chr1 110052703 110065395 1 1906 0 + 4 63678181 chr16 84035657 84036282 - -1 1 0 2 374 1917 50 0 -1
M64676 644 hg16 span M64676 chr1 110052703 110065395 1 1906 0 + 4 63678181 chr20 48676270 48676847 - -1 1 0 2 368 1917 50 0 -1
M64676 634 hg16 span M64676 chr1 110052703 110065395 1 1906 0 + 4 63678181 chr18 75758055 75758685 + -1 1 0 2 388 1917 50 0 -1
M64676 636 hg16 better L02751 chr11 29996572 29998534 1 1906 0 + 4 63678181 chr11 29996842 29997658 - -1 2 0 2 413 1917 50 0 816
M64676 621 hg16 better L02752 chr1 110444631 110446131 1 1906 0 + 4 63678181 chr1 110444873 110445686 - -1 2 0 2 446 1917 50 0 813
M64676 603 hg16 better AJ010969 chr7 119468760 119942444 1 1906 0 + 4 63678181 chr7 119469433 119470307 + -1 2 0 2 499 1917 50 0 874
M64676 596 hg16 introns M64676 chr1 110052703 110065395 1 1906 0 + 4 63678181 chr2 18096983 18098027 + -1 3 0 2 514 1917 50 0 -1
M64676 779 hg16 span M64676 chr1 110052703 110065395 1 1906 0 + 4 63678181 chr11 17721837 17722431 + -1 1 0 2 451 1917 50 0 -1
M64676 620 hg16 diagonal M64676 chr1 110052703 110065395 1 1906 0 + 4 63678181 chr1 110358737 110359880 - 1 2 0 2 521 1917 50 0 1143
M64676 635 hg16 better AF205857 chr1 111617425 111824075 1 1906 0 + 4 63678181 chr1 111822966 111823835 - -1 2 0 2 530 1917 50 0 869
M64676 612 hg16 diagonal M64676 chr1 110052703 110065395 1 1906 0 + 4 63678181 chr1 110514690 110515728 - 1 2 0 2 579 1917 50 0 1038
M64676 790 hg16 span M64676 chr1 110052703 110065395 1 1906 0 + 4 63678181 chr12 73887278 73888061 - -1 1 0 2 515 1917 50 114 -1
M64676 627 hg16 diagonal M64676 chr1 110052703 110065395 1 1906 0 + 4 63678181 chr12 4891038 4892054 + 1 3 0 2 581 1917 50 0 1016
M64676 623 hg16 better AF348983 chr9 2707735 2719757 1 1906 0 + 4 63678181 chr9 2708042 2709117 + -1 2 0 2 611 1917 50 0 0
M64676 632 hg16 introns M64676 chr1 110052703 110065395 1 1906 0 + 4 63678181 chrX 47869362 47872416 - -1 2 1 2 627 1917 50 1818 -1
M64676 659 hg16 diagonal M64676 chr1 110052703 110065395 1 1906 0 + 4 63678181 chr12 4789713 4790888 + 1 2 0 2 620 1917 50 0 1175
M64676 679 hg16 introns M64676 chr1 110052703 110065395 1 1906 0 + 4 63678181 chr19 54265308 54267521 - -1 1 1 2 623 1917 50 604 -1
M64676 706 hg16 span M64676 chr1 110052703 110065395 1 1906 0 + 4 63678181 chr12 73730480 73731358 - -1 1 0 2 625 1917 50 0 -1
M64676 660 hg16 introns M64676 chr1 110052703 110065395 1 1906 0 + 4 63678181 chr20 50306119 50312106 - -1 1 1 2 693 1917 50 5310 -1
M64676 657 hg16 diagonal M64676 chr1 110052703 110065395 1 1906 0 + 4 63678181 chr12 5024056 5025321 + 1 2 0 2 693 1917 50 0 1265
M64676 629 hg16 introns M64676 chr1 110052703 110065395 1 1906 0 + 4 63678181 chr20 44409140 44412705 - -1 2 1 2 727 1917 50 1896 -1
M64676 623 hg16 better AB032970 chr8 99396027 99401659 1 1906 0 + 4 63678181 chr8 99396794 99398029 + -1 2 0 2 722 1917 50 0 0
M64676 632 hg16 diagonal M64676 chr1 110052703 110065395 1 1906 0 + 4 63678181 chr2 11074361 11075572 + 1 2 0 2 744 1917 50 0 1211
M64676 791 hg16 span M64676 chr1 110052703 110065395 1 1906 0 + 4 63678181 chr11 17757523 17758460 + -1 1 0 2 745 1917 50 0 -1
M64676 801 hg16 introns M64676 chr1 110052703 110065395 1 1906 0 + 4 63678181 chr19 55518023 55524252 - -1 2 2 2 1316 1917 50 890 -1
M64714 729 hg16 introns M64714 chr2 170849110 170849429 0 134609727 0 + 0 0 chr16 69257238 69257370 + -1 1 0 1 94 322 0 0 -1
M64714 891 hg16 introns M64714 chr2 170849110 170849429 0 134609727 0 + 0 0 chr18 70079563 70079683 - -1 1 0 1 106 322 0 0 -1
M64714 610 hg16 introns M64714 chr2 170849110 170849429 0 134609727 0 + 0 0 chr15 44835844 44836071 + -1 1 0 1 141 322 0 0 -1
M64714 864 hg16 introns M64714 chr2 170849110 170849429 0 134609727 0 + 0 0 chr18 70107950 70108116 - -1 1 0 1 127 322 0 0 -1
M64714 786 hg16 introns M64714 chr2 170849110 170849429 0 134609727 0 + 0 0 chr14 24667334 24667665 + -1 1 0 1 242 322 0 0 -1
M64714 813 hg16 introns M64714 chr2 170849110 170849429 0 134609727 0 + 0 0 chr14 91594443 91594775 + -1 1 0 1 252 322 0 0 -1
M64714 978 hg16 introns M64714 chr2 170849110 170849429 0 134609727 0 + 0 0 chr2 170849110 170849427 + -1 1 0 1 310 322 0 0 -1
M64716 898 hg16 span M64716 chr11 118424076 118426704 4 134609727 0 - 0 0 chr4 67042642 67042759 - -1 0 0 2 105 497 0 0 -1
M64716 622 hg16 knownGene BC003537 chr11 118424076 118426704 4 483 0 - 18 59488691 chr20 59488674 59489072 - 1 4 0 2 255 497 0 265 0
M64716 673 hg16 knownGene BC003537 chr11 118424076 118426704 4 483 0 - 8 95493209 chr7 95493162 95493589 - 1 4 0 2 292 497 0 0 0
M64716 822 hg16 knownGene BC003537 chr11 118424076 118426704 4 483 0 - 4 71303383 chr10 71303329 71303660 - 1 2 0 2 279 497 0 0 0
M64716 836 hg16 knownGene BC003537 chr11 118424076 118426704 4 483 0 - 22 150395837 chr3 150395818 150396299 - 1 5 0 2 406 497 0 95 0
M64716 887 hg16 knownGene BC003537 chr11 118424076 118426704 4 483 0 - 21 41719506 chr22 41719076 41719526 + 1 5 0 2 401 497 0 0 0
M64716 866 hg16 knownGene BC003537 chr11 118424076 118426704 4 483 0 - 34 53466051 chr3 53466032 53466522 - 1 5 0 2 412 497 0 140 0
M64716 905 hg16 knownGene BC003537 chr11 118424076 118426704 4 483 0 - 37 3859127 chr6 3859108 3859558 - 1 4 0 2 409 497 0 100 0
M64716 892 hg16 knownGene BC003537 chr11 118424076 118426704 4 483 0 - 26 20790526 chr2 20790505 20790986 - 1 5 0 2 434 497 0 0 0
M64716 913 hg16 knownGene BC003537 chr11 118424076 118426704 4 483 0 - 24 121167673 chr9 121167655 121168135 - 1 5 0 2 442 497 0 0 0
M64716 919 hg16 knownGene BC003537 chr11 118424076 118426704 4 483 0 - 22 208426608 chr1 208426149 208426628 + 1 5 0 2 445 497 0 0 0
M64716 945 hg16 knownGene BC003537 chr11 118424076 118426704 4 483 0 - 28 27567936 chr11 27567469 27567956 + 1 5 0 2 465 497 0 0 0
M64716 971 hg16 knownGene BC003537 chr11 118424076 118426704 4 483 0 - 34 115463795 chr5 115463776 115464256 - 1 5 0 2 471 497 0 0 0
M64740 927 hg16 introns none none -1 -1 0 134609727 0   0 0 chr6 29867974 29868042 + -1 0 0 0 63 1098 0 0 -1
M64740 624 hg16 introns none none -1 -1 0 134609727 0   0 0 chr6 29820015 29820237 - -1 0 0 0 136 1098 0 0 -1
M64740 589 hg16 introns none none -1 -1 0 134609727 0   0 0 chr1 178174154 178174431 + -1 0 0 0 160 1098 0 0 -1
M64740 605 hg16 introns none none -1 -1 0 134609727 0   0 0 chr7 99194791 99196537 + -1 0 1 0 271 1098 0 0 -1
M64740 603 hg16 introns none none -1 -1 0 134609727 0   0 0 chr1 178257565 178261006 + -1 0 2 0 386 1098 0 0 -1
M64740 820 hg16 introns none none -1 -1 0 134609727 0   0 0 chr6 29970149 29971291 + -1 0 3 0 378 1098 0 0 -1
M64740 840 hg16 introns none none -1 -1 0 134609727 0   0 0 chr6 29877041 29878208 + -1 0 3 0 404 1098 0 0 -1
M64740 920 hg16 introns none none -1 -1 0 134609727 0   0 0 chr6 29961366 29964088 + -1 0 4 0 423 1098 0 0 -1
M64740 886 hg16 introns none none -1 -1 0 134609727 0   0 0 chr6 30000040 30002810 + -1 0 3 0 466 1098 0 0 -1
M64740 907 hg16 introns none none -1 -1 0 134609727 0   0 0 chr6 29903634 29906387 + -1 0 3 0 476 1098 0 0 -1
M64740 911 hg16 introns none none -1 -1 0 134609727 0   0 0 chr6 29799188 29801954 + -1 0 4 0 496 1098 0 0 -1
M64740 963 hg16 introns none none -1 -1 0 134609727 0   0 0 chr6 30016170 30018902 + -1 0 6 0 1057 1098 0 0 -1
M64749 635 hg16 introns M64749 chr2 237775860 237776942 0 134609727 0 + 0 0 chr14 94696987 94697176 + -1 1 0 2 113 1086 0 0 -1
M64749 595 hg16 introns M64749 chr2 237775860 237776942 0 134609727 0 + 0 0 chr3 45903101 45903353 + -1 1 0 2 155 1086 0 0 -1
M64749 602 hg16 introns M64749 chr2 237775860 237776942 0 134609727 0 + 0 0 chr3 39334630 39335313 + -1 2 0 2 154 1086 0 0 -1
M64749 698 hg16 introns M64749 chr2 237775860 237776942 0 134609727 0 + 0 0 chrX 68345841 68346072 - -1 1 0 2 150 1086 0 0 -1
M64749 579 hg16 introns M64749 chr2 237775860 237776942 0 134609727 0 + 0 0 chr5 75998001 75998308 - -1 1 0 2 174 1086 0 0 -1
M64749 589 hg16 introns M64749 chr2 237775860 237776942 0 134609727 0 + 0 0 chr19 40632476 40632782 + -1 1 0 2 173 1086 0 0 -1
M64749 614 hg16 introns M64749 chr2 237775860 237776942 0 134609727 0 + 0 0 chr3 45948776 45949059 + -1 1 0 2 168 1086 0 0 -1
M64749 589 hg16 introns M64749 chr2 237775860 237776942 0 134609727 0 + 0 0 chr8 142338545 142338833 - -1 1 0 2 171 1086 0 0 -1
M64749 582 hg16 introns M64749 chr2 237775860 237776942 0 134609727 0 + 0 0 chr13 95337603 95337941 - -1 1 0 2 189 1086 0 0 -1
M64749 622 hg16 introns M64749 chr2 237775860 237776942 0 134609727 0 + 0 0 chr22 39320055 39320755 + -1 2 0 2 215 1086 0 0 -1
M64749 658 hg16 introns M64749 chr2 237775860 237776942 0 134609727 0 + 0 0 chr6 167459231 167459998 + -1 2 0 2 206 1086 0 0 -1
M64749 583 hg16 introns M64749 chr2 237775860 237776942 0 134609727 0 + 0 0 chr3 153874610 153875010 + -1 1 0 2 229 1086 0 0 -1
M64749 596 hg16 introns M64749 chr2 237775860 237776942 0 134609727 0 + 0 0 chr3 173486420 173486886 - -1 1 0 2 258 1086 0 0 -1
M64749 631 hg16 introns M64749 chr2 237775860 237776942 0 134609727 0 + 0 0 chr5 33982698 33983530 + -1 2 0 2 276 1086 0 0 -1
M64749 591 hg16 introns M64749 chr2 237775860 237776942 0 134609727 0 + 0 0 chr12 121638033 121638612 - -1 2 0 2 296 1086 0 0 -1
M64749 645 hg16 introns M64749 chr2 237775860 237776942 0 134609727 0 + 0 0 chr19 52515010 52515774 + -1 3 0 2 297 1086 0 0 -1
M64749 625 hg16 introns M64749 chr2 237775860 237776942 0 134609727 0 + 0 0 chr3 46023162 46023812 - -1 2 0 2 302 1086 0 0 -1
M64749 589 hg16 introns M64749 chr2 237775860 237776942 0 134609727 0 + 0 0 chr14 94720291 94720888 + -1 1 0 2 324 1086 0 0 -1
M64749 577 hg16 introns M64749 chr2 237775860 237776942 0 134609727 0 + 0 0 chr12 121624579 121625158 - -1 1 0 2 325 1086 0 0 -1
M64749 647 hg16 introns M64749 chr2 237775860 237776942 0 134609727 0 + 0 0 chr20 63455533 63456387 + -1 2 0 2 318 1086 0 0 -1
M64749 617 hg16 introns M64749 chr2 237775860 237776942 0 134609727 0 + 0 0 chr11 72671799 72672430 + -1 1 0 2 329 1086 0 0 -1
M64749 580 hg16 introns M64749 chr2 237775860 237776942 0 134609727 0 + 0 0 chr3 42866834 42867564 + -1 2 0 2 345 1086 0 0 -1
M64749 611 hg16 introns M64749 chr2 237775860 237776942 0 134609727 0 + 0 0 chr5 151812424 151813022 - -1 1 0 2 341 1086 0 0 -1
M64749 658 hg16 introns M64749 chr2 237775860 237776942 0 134609727 0 + 0 0 chr12 6599895 6600498 - -1 1 0 2 326 1086 0 0 -1
M64749 611 hg16 introns M64749 chr2 237775860 237776942 0 134609727 0 + 0 0 chr17 41204888 41205575 - -1 1 0 2 352 1086 0 0 -1
M64749 600 hg16 introns M64749 chr2 237775860 237776942 0 134609727 0 + 0 0 chr3 99571987 99572703 + -1 1 0 2 358 1086 0 0 -1
M64749 575 hg16 introns M64749 chr2 237775860 237776942 0 134609727 0 + 0 0 chr3 46205485 46206289 - -1 2 0 2 379 1086 0 0 -1
M64749 611 hg16 introns M64749 chr2 237775860 237776942 0 134609727 0 + 0 0 chr14 89690567 89691252 - -1 2 0 2 363 1086 0 0 -1
M64749 592 hg16 introns M64749 chr2 237775860 237776942 0 134609727 0 + 0 0 chrX 69703150 69703832 - -1 1 0 2 372 1086 0 23 -1
M64749 559 hg16 introns M64749 chr2 237775860 237776942 0 134609727 0 + 0 0 chr3 46267406 46268152 + -1 1 0 2 392 1086 0 0 -1
M64749 617 hg16 introns M64749 chr2 237775860 237776942 0 134609727 0 + 0 0 chr19 56941112 56941956 - -1 2 0 2 379 1086 0 0 -1
M64749 570 hg16 introns M64749 chr2 237775860 237776942 0 134609727 0 + 0 0 chr3_random 667761 668624 + -1 2 0 2 404 1086 0 0 -1
M64749 570 hg16 introns M64749 chr2 237775860 237776942 0 134609727 0 + 0 0 chr3 46375076 46375939 + -1 2 0 2 404 1086 0 0 -1
M64749 594 hg16 introns M64749 chr2 237775860 237776942 0 134609727 0 + 0 0 chr2 219127727 219128430 - -1 1 0 2 397 1086 0 0 -1
M64749 598 hg16 introns M64749 chr2 237775860 237776942 0 134609727 0 + 0 0 chr2 219231542 219232319 - -1 2 0 2 402 1086 0 0 -1
M64749 591 hg16 introns M64749 chr2 237775860 237776942 0 134609727 0 + 0 0 chr1 198130492 198131343 + -1 2 0 2 406 1086 0 26 -1
M64749 675 hg16 introns M64749 chr2 237775860 237776942 0 134609727 0 + 0 0 chr8 53902551 53903354 + -1 2 0 2 389 1086 0 0 -1
M64749 613 hg16 introns M64749 chr2 237775860 237776942 0 134609727 0 + 0 0 chr20 63463560 63464403 - -1 2 0 2 423 1086 0 0 -1
M64749 610 hg16 introns M64749 chr2 237775860 237776942 0 134609727 0 + 0 0 chr11 72734004 72734783 + -1 1 0 2 427 1086 0 0 -1
M64749 624 hg16 introns M64749 chr2 237775860 237776942 0 134609727 0 + 0 0 chr20 23011263 23012072 + -1 1 0 2 429 1086 0 0 -1
M64749 594 hg16 introns M64749 chr2 237775860 237776942 0 134609727 0 + 0 0 chr22 35845916 35846742 - -1 1 0 2 448 1086 0 0 -1
M64749 585 hg16 introns M64749 chr2 237775860 237776942 0 134609727 0 + 0 0 chr2 137083354 137084159 - -1 1 0 2 451 1086 0 0 -1
M64749 615 hg16 introns M64749 chr2 237775860 237776942 0 134609727 0 + 0 0 chr11 56778848 56779747 - -1 2 0 2 445 1086 0 0 -1
M64749 591 hg16 introns M64749 chr2 237775860 237776942 0 134609727 0 + 0 0 chr2 219202223 219203025 + -1 1 0 2 455 1086 0 0 -1
M64749 606 hg16 introns M64749 chr2 237775860 237776942 0 134609727 0 + 0 0 chr14 36668814 36669629 + -1 1 0 2 450 1086 0 0 -1
M64749 638 hg16 introns M64749 chr2 237775860 237776942 0 134609727 0 + 0 0 chr11 118302076 118302880 + -1 1 0 2 457 1086 0 0 -1
M64749 614 hg16 introns M64749 chr2 237775860 237776942 0 134609727 0 + 0 0 chr17 39084271 39085115 - -1 1 0 2 468 1086 0 0 -1
M64749 622 hg16 introns M64749 chr2 237775860 237776942 0 134609727 0 + 0 0 chr7 875872 876708 + -1 1 0 2 473 1086 0 0 -1
M64749 602 hg16 introns M64749 chr2 237775860 237776942 0 134609727 0 + 0 0 chr19 50786062 50786913 - -1 1 0 2 492 1086 0 0 -1
M64749 619 hg16 introns M64749 chr2 237775860 237776942 0 134609727 0 + 0 0 chr12 55675397 55676300 + -1 2 0 2 504 1086 0 0 -1
M64752 652 hg16 span M64752 chr5 152898885 153219671 15 134609727 0 + 0 0 chr6 102421873 102422077 + -1 1 0 1 133 3178 0 0 -1
M64752 674 hg16 span M64752 chr5 152898885 153219671 15 134609727 0 + 0 0 chr4 158811446 158811657 + -1 1 0 1 134 3178 0 0 -1
M64752 628 hg16 span M64752 chr5 152898885 153219671 15 134609727 0 + 0 0 chr6 102383076 102383296 + -1 1 0 1 140 3178 0 0 -1
M64752 644 hg16 span M64752 chr5 152898885 153219671 15 134609727 0 + 0 0 chr1 36718870 36719089 - -1 1 0 1 141 3178 0 0 -1
M64752 601 hg16 span M64752 chr5 152898885 153219671 15 134609727 0 + 0 0 chr6 102528777 102529012 + -1 1 0 1 147 3178 0 0 -1
M64752 609 hg16 span M64752 chr5 152898885 153219671 15 134609727 0 + 0 0 chr21 29854394 29854626 - -1 0 0 1 147 3178 0 0 -1
M64752 697 hg16 span M64752 chr5 152898885 153219671 15 134609727 0 + 0 0 chr21 29869730 29869934 - -1 0 0 1 142 3178 0 0 -1
M64752 631 hg16 span M64752 chr5 152898885 153219671 15 134609727 0 + 0 0 chr11 105161423 105161664 + -1 1 0 1 152 3178 0 0 -1
M64752 649 hg16 span M64752 chr5 152898885 153219671 15 134609727 0 + 0 0 chr11 105327145 105327371 + -1 1 0 1 152 3178 0 0 -1
M64752 600 hg16 better U08106 chr9 135410148 135420500 15 134609727 0 + 0 0 chr9 135413681 135414479 + -1 2 0 1 175 3178 0 0 0
M64752 681 hg16 span M64752 chr5 152898885 153219671 15 134609727 0 + 0 0 chr4 158802330 158802571 + -1 1 0 1 164 3178 0 0 -1
M64752 800 hg16 span M64752 chr5 152898885 153219671 15 134609727 0 + 0 0 chrX 121259544 121259744 + -1 1 0 1 160 3178 0 0 -1
M64752 714 hg16 span M64752 chr5 152898885 153219671 15 134609727 0 + 0 0 chrX 121084908 121085149 + -1 1 0 1 172 3178 0 0 -1
M64752 632 hg16 introns M64752 chr5 152898885 153219671 15 134609727 0 + 0 0 chr10 87147349 87149019 - -1 1 1 1 195 3178 0 0 -1
M64752 732 hg16 introns M64752 chr5 152898885 153219671 15 134609727 0 + 0 0 chr11 105312254 105313726 + -1 1 1 1 188 3178 0 714 -1
M64752 819 hg16 introns M64752 chr5 152898885 153219671 15 134609727 0 + 0 0 chr11 105380355 105382889 + -1 1 1 1 207 3178 0 200 -1
M64752 620 hg16 introns M64752 chr5 152898885 153219671 15 134609727 0 + 0 0 chr1 36698269 36699590 - -1 0 1 1 248 3178 0 930 -1
M64752 841 hg16 introns M64752 chr5 152898885 153219671 15 134609727 0 + 0 0 chrX 121311666 121314538 + -1 2 1 1 211 3178 0 0 -1
M64752 663 hg16 introns M64752 chr5 152898885 153219671 15 134609727 0 + 0 0 chr19 47217289 47218346 - -1 2 2 1 239 3178 0 340 -1
M64752 673 hg16 introns M64752 chr5 152898885 153219671 15 134609727 0 + 0 0 chr19 47201726 47202806 - -1 0 1 1 238 3178 0 0 -1
M64752 693 hg16 introns M64752 chr5 152898885 153219671 15 134609727 0 + 0 0 chr11 120369268 120371030 + -1 2 1 1 243 3178 0 0 -1
M64752 638 hg16 introns M64752 chr5 152898885 153219671 15 134609727 0 + 0 0 chr21 29880138 29881809 - -1 1 1 1 262 3178 0 1236 -1
M64752 689 hg16 introns M64752 chr5 152898885 153219671 15 134609727 0 + 0 0 chr1 36710322 36713188 - -1 0 1 1 256 3178 0 1206 -1
M64752 765 hg16 introns M64752 chr5 152898885 153219671 15 134609727 0 + 0 0 chrX 121296469 121297382 + -1 2 1 1 269 3178 0 0 -1
M64752 781 hg16 span M64752 chr5 152898885 153219671 15 134609727 0 + 0 0 chrX 121249007 121249395 + -1 1 0 1 298 3178 0 0 -1
M64752 677 hg16 introns M64752 chr5 152898885 153219671 15 134609727 0 + 0 0 chrX 121230239 121236519 + -1 2 3 1 343 3178 0 3308 -1
M64752 1000 hg16 introns M64752 chr5 152898885 153219671 15 134609727 0 + 0 0 chr5 152898885 152902135 + -1 1 1 1 293 3178 0 180 -1
M64752 794 hg16 introns M64752 chr5 152898885 153219671 15 134609727 0 + 0 0 chr4 158858665 158861713 + -1 3 2 1 403 3178 0 300 -1
M64752 1000 hg16 introns M64752 chr5 152898885 153219671 15 134609727 0 + 0 0 chr5 153172500 153178485 + -1 1 1 1 450 3178 0 3392 -1
M64752 790 hg16 introns M64752 chr5 152898885 153219671 15 134609727 0 + 0 0 chr11 105332836 105342412 + -1 1 2 1 647 3178 0 3462 -1
M64752 724 hg16 introns M64752 chr5 152898885 153219671 15 134609727 0 + 0 0 chr4 158831595 158840241 + -1 5 5 1 836 3178 0 1698 -1
M64752 994 hg16 introns M64752 chr5 152898885 153219671 15 134609727 0 + 0 0 chr5 153203543 153219671 + -1 1 2 1 824 3178 0 8976 -1
M64752 1000 hg16 introns M64752 chr5 152898885 153219671 15 134609727 0 + 0 0 chr5 153054997 153114140 + -1 1 8 1 1605 3178 0 206595 -1
